// Jest Snapshot v1, https://goo.gl/fbAQLP

exports[`Navbar component renders the container in the page 1`] = `ShallowWrapper {}`;

exports[`Navbar component renders the loading in the page 1`] = `ShallowWrapper {}`;

exports[`Navbar component renders the loading in the page 2`] = `ShallowWrapper {}`;

exports[`Navbar component renders the loading in the page 3`] = `ShallowWrapper {}`;

exports[`Navbar component renders the loading in the page 4`] = `ShallowWrapper {}`;

exports[`Navbar component renders the loading in the page 5`] = `ShallowWrapper {}`;

exports[`Navbar component renders the loading in the page 6`] = `ShallowWrapper {}`;

exports[`Navbar component renders the nav in the page 1`] = `ShallowWrapper {}`;

exports[`Navbar component renders the navBrand in the page 1`] = `ShallowWrapper {}`;

exports[`Navbar component renders the navBrandImg in the page 1`] = `ShallowWrapper {}`;

exports[`Navbar component renders the navItems in the page 1`] = `ShallowWrapper {}`;

exports[`Navbar component renders the navLink in the page 1`] = `ShallowWrapper {}`;
